yifan@yifan-Inspiron-5555:~/Codes/mpiCode/primeContact$ time ./a.out 100 200 0
The amount of primes is 1

real	0m0.005s
user	0m0.000s
sys	0m0.005s
yifan@yifan-Inspiron-5555:~/Codes/mpiCode/primeContact$ time ./c.out 100 200 0
4

real	0m0.005s
user	0m0.000s
sys	0m0.005s
yifan@yifan-Inspiron-5555:~/Codes/mpiCode/primeContact$ time ./c.out 0 200 0
7

real	0m0.005s
user	0m0.005s
sys	0m0.001s
yifan@yifan-Inspiron-5555:~/Codes/mpiCode/primeContact$ time ./b.out 0 200 0
7 primes found.

real	0m0.004s
user	0m0.004s
sys	0m0.001s
yifan@yifan-Inspiron-5555:~/Codes/mpiCode/primeContact$ time ./a.out 0 200 0
The amount of primes is 1

real	0m0.005s
user	0m0.002s
sys	0m0.003s
yifan@yifan-Inspiron-5555:~/Codes/mpiCode/primeContact$ time ./a.out 0 200 0
0 100 200
The amount of primes is 1

real	0m0.005s
user	0m0.004s
sys	0m0.001s
yifan@yifan-Inspiron-5555:~/Codes/mpiCode/primeContact$ time ./a.out 0 100 0
0 50 100
The amount of primes is 1

real	0m0.005s
user	0m0.004s
sys	0m0.001s
yifan@yifan-Inspiron-5555:~/Codes/mpiCode/primeContact$ time ./b.out 0 100 0
4 primes found.

real	0m0.004s
user	0m0.000s
sys	0m0.004s
yifan@yifan-Inspiron-5555:~/Codes/mpiCode/primeContact$ time ./a.out 0 100 0
0 50 100
1
0
The amount of primes is 1

real	0m0.007s
user	0m0.001s
sys	0m0.005s
yifan@yifan-Inspiron-5555:~/Codes/mpiCode/primeContact$ time ./a.out 0 100 0
0 50 100
0
0
The amount of primes is 0

real	0m0.005s
user	0m0.000s
sys	0m0.005s
yifan@yifan-Inspiron-5555:~/Codes/mpiCode/primeContact$ time ./a.out 0 100 0
0 50 100
00

The amount of primes is 0

real	0m0.005s
user	0m0.000s
sys	0m0.006s
yifan@yifan-Inspiron-5555:~/Codes/mpiCode/primeContact$ time ./a.out 0 100 0
0 50 100
0
0
The amount of primes is 0

real	0m0.005s
user	0m0.000s
sys	0m0.005s
yifan@yifan-Inspiron-5555:~/Codes/mpiCode/primeContact$ time ./b.out 0 100 0
4 primes found.

real	0m0.004s
user	0m0.004s
sys	0m0.000s
yifan@yifan-Inspiron-5555:~/Codes/mpiCode/primeContact$ time ./a.out 0 200 0
0 100 200
0
0
The amount of primes is 0

real	0m0.005s
user	0m0.001s
sys	0m0.005s
yifan@yifan-Inspiron-5555:~/Codes/mpiCode/primeContact$ time ./a.out 0 200 0
0 100 200
00

The amount of primes is 0

real	0m0.005s
user	0m0.001s
sys	0m0.005s
yifan@yifan-Inspiron-5555:~/Codes/mpiCode/primeContact$ time ./a.out 0 200 0
0 100 200
30 the index is 27
7 the index is 77

11 the index is 187
13 the index is 247
0
The amount of primes is 0

real	0m0.005s
user	0m0.006s
sys	0m0.000s
yifan@yifan-Inspiron-5555:~/Codes/mpiCode/primeContact$ time ./a.out 0 200 0
0 100 200
3 the index is 27
7 the index is 77
11 the index is 187
13 the index is 247
0
0
The amount of primes is 0

real	0m0.005s
user	0m0.005s
sys	0m0.000s
yifan@yifan-Inspiron-5555:~/Codes/mpiCode/primeContact$ time ./a.out 0 200 0
0 100 200
0xxx 100
3 the index is 27
7 the index is 77
11 the index is 187
13 the index is 247
The amount of primes is 0

real	0m0.005s
user	0m0.001s
sys	0m0.005s
yifan@yifan-Inspiron-5555:~/Codes/mpiCode/primeContact$ time ./a.out 0 200 0
0 100 200
0xxx 100
3 the index is 27
7 the index is 77
11 the index is 187
13 the index is 247
The amount of primes is 0

real	0m0.005s
user	0m0.005s
sys	0m0.000s
yifan@yifan-Inspiron-5555:~/Codes/mpiCode/primeContact$ time ./a.out 0 200 0
0 100 200
0xxx 100
3 the index is 27
7 the index is 77
11 the index is 187
13 the index is 247
The amount of primes is 2

real	0m0.005s
user	0m0.005s
sys	0m0.000s
yifan@yifan-Inspiron-5555:~/Codes/mpiCode/primeContact$ time ./c.out 0 200 0
7

real	0m0.005s
user	0m0.001s
sys	0m0.004s
yifan@yifan-Inspiron-5555:~/Codes/mpiCode/primeContact$ time ./c.out 0 200 0
7

real	0m0.005s
user	0m0.000s
sys	0m0.005s
yifan@yifan-Inspiron-5555:~/Codes/mpiCode/primeContact$ time ./a.out 0 200 0
0 100 200
0xxx 100
3 the index is 27
7 the index is 77
11 the index is 187
13 the index is 247
2
The amount of primes is 2

real	0m0.005s
user	0m0.000s
sys	0m0.005s
yifan@yifan-Inspiron-5555:~/Codes/mpiCode/primeContact$ time ./c.out 0 100 0
4

real	0m0.005s
user	0m0.000s
sys	0m0.005s
yifan@yifan-Inspiron-5555:~/Codes/mpiCode/primeContact$ time ./c.out 0 100 0
4

real	0m0.004s
user	0m0.000s
sys	0m0.005s
yifan@yifan-Inspiron-5555:~/Codes/mpiCode/primeContact$ time ./a.out 0 100 0
0 50 100
7xxx 50
3 the index is 27
7 the index is 77
2
The amount of primes is 3

real	0m0.005s
user	0m0.000s
sys	0m0.005s
yifan@yifan-Inspiron-5555:~/Codes/mpiCode/primeContact$ time ./a.out 0 200 0
0 100 200
7xxx 100
3 the index is 27
7 the index is 77
11 the index is 187
13 the index is 247
2
The amount of primes is 2

real	0m0.005s
user	0m0.000s
sys	0m0.005s
yifan@yifan-Inspiron-5555:~/Codes/mpiCode/primeContact$ time ./a.out 0 200 0
0 100 200
7xxx 100
3 the index is 27
7 the index is 77
11 the index is 187
13 the index is 247
2
The amount of primes is 2

real	0m0.005s
user	0m0.005s
sys	0m0.001s
yifan@yifan-Inspiron-5555:~/Codes/mpiCode/primeContact$ p
p: command not found
yifan@yifan-Inspiron-5555:~/Codes/mpiCode/primeContact$ time ./a.out 0 200 0
0 100 200
1073xxx  the index is 20027
7 the index is 77
11 the index is 187
13 the index is 247

2
The amount of primes is 2

real	0m0.005s
user	0m0.000s
sys	0m0.006s
yifan@yifan-Inspiron-5555:~/Codes/mpiCode/primeContact$ time ./a.out 0 200 0
0 100 200
107xxx 200
3 the index is 117
7 the index is 147
11 the index is 187
13 the index is 247
0
The amount of primes is 2

real	0m0.005s
user	0m0.000s
sys	0m0.005s
yifan@yifan-Inspiron-5555:~/Codes/mpiCode/primeContact$ time ./a.out 0 200 0
0 100 200
7xxx 100
3 the index is 27
7 the index is 77
11 the index is 187
13 the index is 247
2
The amount of primes is 2

real	0m0.005s
user	0m0.000s
sys	0m0.006s
yifan@yifan-Inspiron-5555:~/Codes/mpiCode/primeContact$ time ./a.out 0 200 0
0 100 200
7xxx 100
3 the index is 27
7 the index is 77
11 the index is 187
13 the index is 247
7 47 0
The amount of primes is 0

real	0m0.005s
user	0m0.005s
sys	0m0.001s
yifan@yifan-Inspiron-5555:~/Codes/mpiCode/primeContact$ time ./a.out 0 200 0
0 100 200
107xxx 200
3 the index is 117
7 the index is 147
11 the index is 187
013 the index is 247

The amount of primes is 0

real	0m0.005s
user	0m0.005s
sys	0m0.001s
yifan@yifan-Inspiron-5555:~/Codes/mpiCode/primeContact$ time ./a.out 0 200 0
0 100 200
107xxx 200
3 the index is 117
7 the index is 147
11 the index is 187
13 the index is 247
0
The amount of primes is 0

real	0m0.005s
user	0m0.000s
sys	0m0.006s
yifan@yifan-Inspiron-5555:~/Codes/mpiCode/primeContact$ time ./a.out 0 200 0
0 100 200
107xxx 200
3 the index is 117
7 the index is 147
11 the index is 187
13 the index is 247
137 157 197 0
The amount of primes is 0

real	0m0.006s
user	0m0.003s
sys	0m0.004s
yifan@yifan-Inspiron-5555:~/Codes/mpiCode/primeContact$ time ./a.out 0 200 0
0 100 200
3 the index is 27
1077 the index is 77
11 the index is 187
13 the index is 247
7 47 67 0xxx 200

The amount of primes is 0

real	0m0.005s
user	0m0.003s
sys	0m0.002s
yifan@yifan-Inspiron-5555:~/Codes/mpiCode/primeContact$ time ./a.out 0 200 0
0 100 200
The amount of primes is 6

real	0m0.005s
user	0m0.005s
sys	0m0.000s
yifan@yifan-Inspiron-5555:~/Codes/mpiCode/primeContact$ time ./b.out 0 200 0
7 primes found.

real	0m0.004s
user	0m0.000s
sys	0m0.004s
yifan@yifan-Inspiron-5555:~/Codes/mpiCode/primeContact$ time ./b.out 0 200 0
7 primes found.

real	0m0.005s
user	0m0.000s
sys	0m0.005s
yifan@yifan-Inspiron-5555:~/Codes/mpiCode/primeContact$ time ./b.out 1000000 2000000 0
3920 primes found.

real	0m0.018s
user	0m0.017s
sys	0m0.001s
yifan@yifan-Inspiron-5555:~/Codes/mpiCode/primeContact$ time ./a.out 1000000 2000000 0
The amount of primes is 3920

real	0m0.008s
user	0m0.006s
sys	0m0.004s
yifan@yifan-Inspiron-5555:~/Codes/mpiCode/primeContact$ time ./c.out 1000000 2000000 0
3920

real	0m0.010s
user	0m0.009s
sys	0m0.001s
yifan@yifan-Inspiron-5555:~/Codes/mpiCode/primeContact$ time ./c.out 1000000 2000000 0
3920

real	0m0.009s
user	0m0.009s
sys	0m0.001s
yifan@yifan-Inspiron-5555:~/Codes/mpiCode/primeContact$ time ./a.out 1000000 2000000 0
The amount of primes is 3920

real	0m0.008s
user	0m0.000s
sys	0m0.011s
yifan@yifan-Inspiron-5555:~/Codes/mpiCode/primeContact$ time ./a.out 1000000 200000000 0
The amount of primes is 493690

real	0m0.158s
user	0m0.293s
sys	0m0.009s
yifan@yifan-Inspiron-5555:~/Codes/mpiCode/primeContact$ time ./c.out 1000000 200000000 0
493690

real	0m0.246s
user	0m0.246s
sys	0m0.000s
yifan@yifan-Inspiron-5555:~/Codes/mpiCode/primeContact$ time ./c.out 1000000 20000000000 0
29112355

real	0m27.916s
user	0m27.897s
sys	0m0.012s
yifan@yifan-Inspiron-5555:~/Codes/mpiCode/primeContact$ time ./a.out 1000000 20000000000 0
The amount of primes is 29112355

real	0m16.763s
user	0m33.231s
sys	0m0.013s
yifan@yifan-Inspiron-5555:~/Codes/mpiCode/primeContact$ 